MSBuild version 18.0.5+e22287bf1 for .NET Framework
     1>d:\Private Project\RF Online\WorldServer\Entities\AutoMineMachineMng.cpp(153,26): error C2039: 'update_amine_dck': is not a member of 'CRFWorldDatabase' [d:\Private Project\RF Online\WorldServer\WorldServer.vcxproj]
     1>d:\Private Project\RF Online\WorldServer\Entities\AutoMineMachineMng.cpp(154,29): error C2039: 'insert_amine_newowner': is not a member of 'CRFWorldDatabase' [d:\Private Project\RF Online\WorldServer\WorldServer.vcxproj]
     1>d:\Private Project\RF Online\WorldServer\Entities\AutoMineMachineMng.cpp(168,26): error C2039: 'update_amine_battery': is not a member of 'CRFWorldDatabase' [d:\Private Project\RF Online\WorldServer\WorldServer.vcxproj]
     1>d:\Private Project\RF Online\WorldServer\Entities\AutoMineMachineMng.cpp(191,26): error C2039: 'update_amine_mineore': is not a member of 'CRFWorldDatabase' [d:\Private Project\RF Online\WorldServer\WorldServer.vcxproj]
     1>d:\Private Project\RF Online\WorldServer\Entities\AutoMineMachineMng.cpp(208,26): error C2039: 'update_amine_workstate': is not a member of 'CRFWorldDatabase' [d:\Private Project\RF Online\WorldServer\WorldServer.vcxproj]
     1>d:\Private Project\RF Online\WorldServer\Entities\AutoMineMachineMng.cpp(222,26): error C2039: 'update_amine_selore': is not a member of 'CRFWorldDatabase' [d:\Private Project\RF Online\WorldServer\WorldServer.vcxproj]
     1>d:\Private Project\RF Online\WorldServer\Entities\AutoMineMachineMng.cpp(236,26): error C2039: 'update_amine_battery': is not a member of 'CRFWorldDatabase' [d:\Private Project\RF Online\WorldServer\WorldServer.vcxproj]
     1>d:\Private Project\RF Online\WorldServer\Entities\AutoMineMachineMng.cpp(250,26): error C2039: 'update_amine_moveore': is not a member of 'CRFWorldDatabase' [d:\Private Project\RF Online\WorldServer\WorldServer.vcxproj]
     1>d:\Private Project\RF Online\WorldServer\Entities\CCheckSumCharacAccountTrunkData.cpp(11,34): error C2039: 'Convert': is not a member of 'CCheckSumCharacTrunkConverter' [d:\Private Project\RF Online\WorldServer\WorldServer.vcxproj]
     1>d:\Private Project\RF Online\WorldServer\Entities\CCheckSumCharacAccountTrunkData.cpp(11,34): error C3861: 'Convert': identifier not found [d:\Private Project\RF Online\WorldServer\WorldServer.vcxproj]
     1>d:\Private Project\RF Online\WorldServer\Entities\CCheckSumCharacAccountTrunkData.cpp(21,16): error C2039: 'Update_NpcData': is not a member of 'CRFWorldDatabase' [d:\Private Project\RF Online\WorldServer\WorldServer.vcxproj]
     1>d:\Private Project\RF Online\WorldServer\Entities\CCheckSumCharacAccountTrunkData.cpp(22,16): error C2039: 'Update_AnimusData': is not a member of 'CRFWorldDatabase' [d:\Private Project\RF Online\WorldServer\WorldServer.vcxproj]
     1>d:\Private Project\RF Online\WorldServer\Entities\CCheckSumGuildData.cpp(11,28): error C2039: 'Convert': is not a member of 'CCheckSumGuildConverter' [d:\Private Project\RF Online\WorldServer\WorldServer.vcxproj]
     1>d:\Private Project\RF Online\WorldServer\Entities\CCheckSumGuildData.cpp(11,28): error C3861: 'Convert': identifier not found [d:\Private Project\RF Online\WorldServer\WorldServer.vcxproj]
     1>d:\Private Project\RF Online\WorldServer\Entities\CCheckSumGuildData.cpp(16,24): error C2039: 'Insert_UnitData': is not a member of 'CRFWorldDatabase' [d:\Private Project\RF Online\WorldServer\WorldServer.vcxproj]
     1>d:\Private Project\RF Online\WorldServer\Entities\CCheckSumGuildData.cpp(21,24): error C2039: 'Update_UnitData': is not a member of 'CRFWorldDatabase' [d:\Private Project\RF Online\WorldServer\WorldServer.vcxproj]
     1>d:\Private Project\RF Online\WorldServer\Entities\CGuild.cpp(679,28): error C2039: 'IsFill': is not a member of '_guild_master_info' [d:\Private Project\RF Online\WorldServer\WorldServer.vcxproj]
     1>d:\Private Project\RF Online\WorldServer\Entities\CGuild.cpp(679,28): error C2660: 'CGuild::IsFill': function does not take 1 arguments [d:\Private Project\RF Online\WorldServer\WorldServer.vcxproj]
     1>d:\Private Project\RF Online\WorldServer\Entities\CGuild.cpp(691,31): error C2065: 'g_Guild': undeclared identifier [d:\Private Project\RF Online\WorldServer\WorldServer.vcxproj]
     1>d:\Private Project\RF Online\WorldServer\Entities\CGuild.cpp(695,30): error C2065: 'g_Guild': undeclared identifier [d:\Private Project\RF Online\WorldServer\WorldServer.vcxproj]
     1>d:\Private Project\RF Online\WorldServer\Entities\CGuild.cpp(727,60): error C2065: 'g_Guild': undeclared identifier [d:\Private Project\RF Online\WorldServer\WorldServer.vcxproj]
     1>d:\Private Project\RF Online\WorldServer\Entities\CGuild.cpp(774,3): error C3861: 'MakeQueryInfoPacket': identifier not found [d:\Private Project\RF Online\WorldServer\WorldServer.vcxproj]
     1>d:\Private Project\RF Online\WorldServer\Entities\CGuild.cpp(777,3): error C3861: 'SendMsg_GuildInfoUpdateInform': identifier not found [d:\Private Project\RF Online\WorldServer\WorldServer.vcxproj]
     1>d:\Private Project\RF Online\WorldServer\Entities\CGuildBattleController.cpp(92,12): error C2039: 'AddComplete': is not a member of 'GUILD_BATTLE::CNormalGuildBattleManager' [d:\Private Project\RF Online\WorldServer\WorldServer.vcxproj]
     1>d:\Private Project\RF Online\WorldServer\Entities\CGuildBattleController.cpp(96,15): error C2039: 'ClearTommorowScheduleByID': is not a member of 'GUILD_BATTLE::CGuildBattleScheduleManager' [d:\Private Project\RF Online\WorldServer\WorldServer.vcxproj]
     1>d:\Private Project\RF Online\WorldServer\Entities\CGuildBattleController.cpp(102,19): error C2039: 'UpdateGuildList': is not a member of 'GUILD_BATTLE::CPossibleBattleGuildListManager' [d:\Private Project\RF Online\WorldServer\WorldServer.vcxproj]
     1>d:\Private Project\RF Online\WorldServer\Entities\CGuildBattleController.cpp(105,15): error C2039: 'PushDQS': is not a member of 'GUILD_BATTLE::CGuildBattleReservedScheduleListManager' [d:\Private Project\RF Online\WorldServer\WorldServer.vcxproj]
     1>d:\Private Project\RF Online\WorldServer\Entities\CGuildBattleController.cpp(111,19): error C2660: 'CRFNewDatabase::SetAutoCommitMode': function does not take 2 arguments [d:\Private Project\RF Online\WorldServer\WorldServer.vcxproj]
     1>d:\Private Project\RF Online\WorldServer\Entities\CGuildBattleController.cpp(112,26): error C2039: 'UpdateGuildBattleInfo': is not a member of 'CRFWorldDatabase' [d:\Private Project\RF Online\WorldServer\WorldServer.vcxproj]
     1>d:\Private Project\RF Online\WorldServer\Entities\CGuildBattleController.cpp(118,29): error C2039: 'UpdateGuildBattleScheduleInfo': is not a member of 'CRFWorldDatabase' [d:\Private Project\RF Online\WorldServer\WorldServer.vcxproj]
     1>d:\Private Project\RF Online\WorldServer\Entities\CGuildBattleController.cpp(142,23): error C2039: 'UpdateWinLose': is not a member of 'GUILD_BATTLE::CGuildBattleRankManager' [d:\Private Project\RF Online\WorldServer\WorldServer.vcxproj]
     1>d:\Private Project\RF Online\WorldServer\Entities\CGuildBattleController.cpp(152,23): error C2039: 'UpdateDraw': is not a member of 'GUILD_BATTLE::CGuildBattleRankManager' [d:\Private Project\RF Online\WorldServer\WorldServer.vcxproj]
     1>d:\Private Project\RF Online\WorldServer\Entities\CGuildBattleController.cpp(158,23): error C2039: 'SelectGuildBattleRankList': is not a member of 'GUILD_BATTLE::CGuildBattleRankManager' [d:\Private Project\RF Online\WorldServer\WorldServer.vcxproj]
     1>d:\Private Project\RF Online\WorldServer\Entities\CGuildBattleController.cpp(174,16): error C2039: 'Update': is not a member of 'GUILD_BATTLE::CGuildBattleRankManager' [d:\Private Project\RF Online\WorldServer\WorldServer.vcxproj]
     1>d:\Private Project\RF Online\WorldServer\Entities\CGuildBattleController.cpp(184,19): error C2039: 'UpdateClearGuildBattleScheduleDayInfo': is not a member of 'GUILD_BATTLE::CGuildBattleScheduler' [d:\Private Project\RF Online\WorldServer\WorldServer.vcxproj]
     1>d:\Private Project\RF Online\WorldServer\Entities\CGuildBattleController.cpp(189,19): error C2039: 'UpdateClearGuildBattleDayInfo': is not a member of 'GUILD_BATTLE::CNormalGuildBattleManager' [d:\Private Project\RF Online\WorldServer\WorldServer.vcxproj]
     1>d:\Private Project\RF Online\WorldServer\Entities\CGuildBattleController.cpp(196,20): error C2039: 'UpdateReservedShedule': is not a member of 'GUILD_BATTLE::CGuildBattleReservedScheduleListManager' [d:\Private Project\RF Online\WorldServer\WorldServer.vcxproj]
     1>d:\Private Project\RF Online\WorldServer\Entities\CGuildBattleController.cpp(203,13): error C2039: 'UpdateTomorrowComplete': is not a member of 'GUILD_BATTLE::CGuildBattleReservedScheduleListManager' [d:\Private Project\RF Online\WorldServer\WorldServer.vcxproj]
     1>d:\Private Project\RF Online\WorldServer\Entities\CGuildBattleController.cpp(210,12): error C2039: 'Log': is not a member of 'CPvpUserAndGuildRankingSystem' [d:\Private Project\RF Online\WorldServer\WorldServer.vcxproj]
     1>d:\Private Project\RF Online\WorldServer\Entities\CGuildBattleController.cpp(219,16): error C2039: 'Clear': is not a member of 'GUILD_BATTLE::CGuildBattleRankManager' [d:\Private Project\RF Online\WorldServer\WorldServer.vcxproj]
     1>d:\Private Project\RF Online\WorldServer\Entities\CGuildBattleController.cpp(222,12): error C2039: 'Log': is not a member of 'CPvpUserAndGuildRankingSystem' [d:\Private Project\RF Online\WorldServer\WorldServer.vcxproj]
     1>d:\Private Project\RF Online\WorldServer\Entities\CItemStoreManager.cpp(145,7): error C3861: 'MakeLimitItemUpdateQuery': identifier not found [d:\Private Project\RF Online\WorldServer\WorldServer.vcxproj]
     1>d:\Private Project\RF Online\WorldServer\Entities\CItemStoreManager.cpp(154,31): error C2039: 'Update_LimitItemNum': is not a member of 'CRFWorldDatabase' [d:\Private Project\RF Online\WorldServer\WorldServer.vcxproj]
     1>d:\Private Project\RF Online\WorldServer\Entities\CItemStoreManager.cpp(162,50): error C2039: 'Select_LimitItemUsedRecord': is not a member of 'CRFWorldDatabase' [d:\Private Project\RF Online\WorldServer\WorldServer.vcxproj]
     1>d:\Private Project\RF Online\WorldServer\Entities\CItemStoreManager.cpp(174,36): error C2039: 'Select_LimitItemEmptyRecord': is not a member of 'CRFWorldDatabase' [d:\Private Project\RF Online\WorldServer\WorldServer.vcxproj]
     1>d:\Private Project\RF Online\WorldServer\Entities\CItemStoreManager.cpp(180,49): error C2039: 'Insert_LimitItemRecord': is not a member of 'CRFWorldDatabase' [d:\Private Project\RF Online\WorldServer\WorldServer.vcxproj]
     1>d:\Private Project\RF Online\WorldServer\Entities\CItemStoreManager.cpp(187,7): error C3861: 'MakeLimitItemUpdateQuery': identifier not found [d:\Private Project\RF Online\WorldServer\WorldServer.vcxproj]
     1>d:\Private Project\RF Online\WorldServer\Entities\CItemStoreManager.cpp(196,30): error C2039: 'Update_LimitItemNum': is not a member of 'CRFWorldDatabase' [d:\Private Project\RF Online\WorldServer\WorldServer.vcxproj]
     1>d:\Private Project\RF Online\WorldServer\Entities\CItemStoreManager.cpp(218,41): error C2039: 'Update_DisableInstanceStore': is not a member of 'CRFWorldDatabase' [d:\Private Project\RF Online\WorldServer\WorldServer.vcxproj]
     1>d:\Private Project\RF Online\WorldServer\Entities\CItemStoreManager.cpp(233,7): error C2664: 'void CItemStoreManager::Log(char *,...)': cannot convert argument 1 from 'const char [98]' to 'char *' [d:\Private Project\RF Online\WorldServer\WorldServer.vcxproj]
     1>d:\Private Project\RF Online\WorldServer\Entities\CItemStoreManager.cpp(245,23): error C3861: 'GetInstanceStoreListBySerial': identifier not found [d:\Private Project\RF Online\WorldServer\WorldServer.vcxproj]
     1>d:\Private Project\RF Online\WorldServer\Entities\CItemStoreManager.cpp(250,21): error C3861: 'GetMapItemStoreListBySerial': identifier not found [d:\Private Project\RF Online\WorldServer\WorldServer.vcxproj]
     1>d:\Private Project\RF Online\WorldServer\Entities\CItemStoreManager.cpp(254,28): error C2039: 'GetItemStoreFromRecIndex': is not a member of 'CMapItemStoreList' [d:\Private Project\RF Online\WorldServer\WorldServer.vcxproj]
     1>d:\Private Project\RF Online\WorldServer\Entities\CItemStoreManager.cpp(261,11): error C2664: 'void CItemStoreManager::Log(char *,...)': cannot convert argument 1 from 'const char [111]' to 'char *' [d:\Private Project\RF Online\WorldServer\WorldServer.vcxproj]
     1>d:\Private Project\RF Online\WorldServer\Entities\CItemStoreManager.cpp(270,9): error C2664: 'void CItemStoreManager::Log(char *,...)': cannot convert argument 1 from 'const char [111]' to 'char *' [d:\Private Project\RF Online\WorldServer\WorldServer.vcxproj]
     1>d:\Private Project\RF Online\WorldServer\Entities\CItemStoreManager.cpp(289,7): error C2664: 'void CItemStoreManager::Log(char *,...)': cannot convert argument 1 from 'const char [95]' to 'char *' [d:\Private Project\RF Online\WorldServer\WorldServer.vcxproj]
     1>d:\Private Project\RF Online\WorldServer\Entities\CMainThread_DB.cpp(271,30): error C2440: 'initializing': cannot convert from 'unsigned int' to 'CCheckSumGuildData' [d:\Private Project\RF Online\WorldServer\WorldServer.vcxproj]
     1>d:\Private Project\RF Online\WorldServer\Entities\CMainThread_DB.cpp(272,23): error C2660: 'CCheckSumGuildData::Encode': function does not take 3 arguments [d:\Private Project\RF Online\WorldServer\WorldServer.vcxproj]
     1>d:\Private Project\RF Online\WorldServer\Entities\CMainThread_DB.cpp(273,28): error C2660: 'CCheckSumGuildData::Insert': function does not take 2 arguments [d:\Private Project\RF Online\WorldServer\WorldServer.vcxproj]
     1>d:\Private Project\RF Online\WorldServer\Entities\CMainThread_DB.cpp(360,30): error C2440: 'initializing': cannot convert from 'unsigned int' to 'CCheckSumGuildData' [d:\Private Project\RF Online\WorldServer\WorldServer.vcxproj]
     1>d:\Private Project\RF Online\WorldServer\Entities\CMainThread_DB.cpp(361,23): error C2660: 'CCheckSumGuildData::Encode': function does not take 3 arguments [d:\Private Project\RF Online\WorldServer\WorldServer.vcxproj]
     1>d:\Private Project\RF Online\WorldServer\Entities\CMainThread_DB.cpp(362,28): error C2660: 'CCheckSumGuildData::Update': function does not take 2 arguments [d:\Private Project\RF Online\WorldServer\WorldServer.vcxproj]
     1>d:\Private Project\RF Online\WorldServer\Entities\CMainThread_DB.cpp(430,30): error C2440: 'initializing': cannot convert from 'unsigned int' to 'CCheckSumGuildData' [d:\Private Project\RF Online\WorldServer\WorldServer.vcxproj]
     1>d:\Private Project\RF Online\WorldServer\Entities\CMainThread_DB.cpp(431,23): error C2660: 'CCheckSumGuildData::Encode': function does not take 3 arguments [d:\Private Project\RF Online\WorldServer\WorldServer.vcxproj]
     1>d:\Private Project\RF Online\WorldServer\Entities\CMainThread_DB.cpp(432,28): error C2660: 'CCheckSumGuildData::Update': function does not take 2 arguments [d:\Private Project\RF Online\WorldServer\WorldServer.vcxproj]
     1>d:\Private Project\RF Online\WorldServer\Entities\CMainThread_DB.cpp(505,30): error C2440: 'initializing': cannot convert from 'unsigned int' to 'CCheckSumGuildData' [d:\Private Project\RF Online\WorldServer\WorldServer.vcxproj]
     1>d:\Private Project\RF Online\WorldServer\Entities\CMainThread_DB.cpp(506,23): error C2660: 'CCheckSumGuildData::Encode': function does not take 3 arguments [d:\Private Project\RF Online\WorldServer\WorldServer.vcxproj]
     1>d:\Private Project\RF Online\WorldServer\Entities\CMainThread_DB.cpp(507,28): error C2660: 'CCheckSumGuildData::Update': function does not take 2 arguments [d:\Private Project\RF Online\WorldServer\WorldServer.vcxproj]
     1>d:\Private Project\RF Online\WorldServer\Entities\CMainThread_DB.cpp(816,30): error C2440: 'initializing': cannot convert from 'unsigned int' to 'CCheckSumGuildData' [d:\Private Project\RF Online\WorldServer\WorldServer.vcxproj]
     1>d:\Private Project\RF Online\WorldServer\Entities\CMainThread_DB.cpp(817,23): error C2660: 'CCheckSumGuildData::Encode': function does not take 3 arguments [d:\Private Project\RF Online\WorldServer\WorldServer.vcxproj]
     1>d:\Private Project\RF Online\WorldServer\Entities\CMainThread_DB.cpp(818,28): error C2660: 'CCheckSumGuildData::Update': function does not take 2 arguments [d:\Private Project\RF Online\WorldServer\WorldServer.vcxproj]
     1>d:\Private Project\RF Online\WorldServer\Entities\CMainThread_DB.cpp(908,32): error C2440: 'initializing': cannot convert from 'unsigned int' to 'CCheckSumGuildData' [d:\Private Project\RF Online\WorldServer\WorldServer.vcxproj]
     1>d:\Private Project\RF Online\WorldServer\Entities\CMainThread_DB.cpp(909,25): error C2660: 'CCheckSumGuildData::Encode': function does not take 3 arguments [d:\Private Project\RF Online\WorldServer\WorldServer.vcxproj]
     1>d:\Private Project\RF Online\WorldServer\Entities\CMainThread_DB.cpp(910,30): error C2660: 'CCheckSumGuildData::Update': function does not take 2 arguments [d:\Private Project\RF Online\WorldServer\WorldServer.vcxproj]
     1>d:\Private Project\RF Online\WorldServer\Entities\CMainThread_DB.cpp(1024,47): error C2660: 'CPlayerDB::GetDalant': function does not take 1 arguments [d:\Private Project\RF Online\WorldServer\WorldServer.vcxproj]
     1>d:\Private Project\RF Online\WorldServer\Entities\CMainThread_DB.cpp(1027,18): error C2660: 'CPlayer::SendMsg_InformTaxIncome': function does not take 4 arguments [d:\Private Project\RF Online\WorldServer\WorldServer.vcxproj]
     1>d:\Private Project\RF Online\WorldServer\Entities\CMainThread_DB.cpp(1030,16): error C2660: 'CPlayer::AlterDalant': function does not take 2 arguments [d:\Private Project\RF Online\WorldServer\WorldServer.vcxproj]
     1>d:\Private Project\RF Online\WorldServer\Entities\CMainThread_DB.cpp(1033,18): error C2660: 'CPlayer::AlterDalant': function does not take 2 arguments [d:\Private Project\RF Online\WorldServer\WorldServer.vcxproj]
     1>d:\Private Project\RF Online\WorldServer\Entities\CMainThread_DB.cpp(1036,16): error C2660: 'CPlayer::SendMsg_ExchangeMoneyResult': function does not take 2 arguments [d:\Private Project\RF Online\WorldServer\WorldServer.vcxproj]
     1>d:\Private Project\RF Online\WorldServer\Entities\CMainThread_DB.cpp(1037,16): error C2660: 'CPlayer::SendMsg_InformTaxIncome': function does not take 4 arguments [d:\Private Project\RF Online\WorldServer\WorldServer.vcxproj]
     1>d:\Private Project\RF Online\WorldServer\Entities\CMainThread_DB.cpp(1038,44): error C2660: 'CPlayerDB::GetDalant': function does not take 1 arguments [d:\Private Project\RF Online\WorldServer\WorldServer.vcxproj]
     1>d:\Private Project\RF Online\WorldServer\Entities\CMainThread_DB.cpp(1039,35): error C2660: 'CPlayerDB::GetCharNameW': function does not take 1 arguments [d:\Private Project\RF Online\WorldServer\WorldServer.vcxproj]
     1>d:\Private Project\RF Online\WorldServer\Entities\CMainThread_DB.cpp(1039,22): error C2440: 'initializing': cannot convert from '_T' to 'char *' [d:\Private Project\RF Online\WorldServer\WorldServer.vcxproj]
d:\Private Project\RF Online\WorldServer\Entities\CMainThread_DB.cpp(1039,22): error C2440:         with [d:\Private Project\RF Online\WorldServer\WorldServer.vcxproj]
d:\Private Project\RF Online\WorldServer\Entities\CMainThread_DB.cpp(1039,22): error C2440:         [ [d:\Private Project\RF Online\WorldServer\WorldServer.vcxproj]
d:\Private Project\RF Online\WorldServer\Entities\CMainThread_DB.cpp(1039,22): error C2440:             _T=const char * [d:\Private Project\RF Online\WorldServer\WorldServer.vcxproj]
d:\Private Project\RF Online\WorldServer\Entities\CMainThread_DB.cpp(1039,22): error C2440:         ] [d:\Private Project\RF Online\WorldServer\WorldServer.vcxproj]
     1>d:\Private Project\RF Online\WorldServer\Entities\CMainThread_DB.cpp(1040,30): error C2660: 'CMgrAvatorItemHistory::patriarch_push_money': function does not take 5 arguments [d:\Private Project\RF Online\WorldServer\WorldServer.vcxproj]
     1>d:\Private Project\RF Online\WorldServer\Entities\CMainThread_DB.cpp(1071,3): error C2027: use of undefined type 'qry_case_cash_limsale' [d:\Private Project\RF Online\WorldServer\WorldServer.vcxproj]
     1>d:\Private Project\RF Online\WorldServer\Entities\CMainThread_DB.cpp(1072,3): error C2027: use of undefined type 'qry_case_cash_limsale' [d:\Private Project\RF Online\WorldServer\WorldServer.vcxproj]
     1>d:\Private Project\RF Online\WorldServer\Entities\CMainThread_DB.cpp(1073,3): error C2027: use of undefined type 'qry_case_cash_limsale' [d:\Private Project\RF Online\WorldServer\WorldServer.vcxproj]
     1>d:\Private Project\RF Online\WorldServer\Entities\CMainThread_DB.cpp(1074,3): error C2027: use of undefined type 'qry_case_cash_limsale' [d:\Private Project\RF Online\WorldServer\WorldServer.vcxproj]
     1>d:\Private Project\RF Online\WorldServer\Entities\CMainThread_DB.cpp(1077,5): error C2027: use of undefined type 'qry_case_cash_limsale' [d:\Private Project\RF Online\WorldServer\WorldServer.vcxproj]
     1>d:\Private Project\RF Online\WorldServer\Entities\CMainThread_DB.cpp(1078,5): error C2027: use of undefined type 'qry_case_cash_limsale' [d:\Private Project\RF Online\WorldServer\WorldServer.vcxproj]
     1>d:\Private Project\RF Online\WorldServer\Entities\CMainThread_DB.cpp(1079,5): error C2027: use of undefined type 'qry_case_cash_limsale' [d:\Private Project\RF Online\WorldServer\WorldServer.vcxproj]
     1>d:\Private Project\RF Online\WorldServer\Entities\CMainThread_DB.cpp(1080,5): error C2027: use of undefined type 'qry_case_cash_limsale' [d:\Private Project\RF Online\WorldServer\WorldServer.vcxproj]
     1>d:\Private Project\RF Online\WorldServer\Entities\CMainThread_DB.cpp(1091,7): error C2027: use of undefined type '_db_cash_limited_sale' [d:\Private Project\RF Online\WorldServer\WorldServer.vcxproj]
     1>d:\Private Project\RF Online\WorldServer\Entities\CMainThread_DB.cpp(1091,26): error C2027: use of undefined type '_db_cash_limited_sale' [d:\Private Project\RF Online\WorldServer\WorldServer.vcxproj]
     1>d:\Private Project\RF Online\WorldServer\Entities\CMainThread_DB.cpp(1093,32): error C2027: use of undefined type '_db_cash_limited_sale' [d:\Private Project\RF Online\WorldServer\WorldServer.vcxproj]
     1>d:\Private Project\RF Online\WorldServer\Entities\CMainThread_DB.cpp(1096,7): error C2027: use of undefined type '_db_cash_limited_sale' [d:\Private Project\RF Online\WorldServer\WorldServer.vcxproj]
     1>d:\Private Project\RF Online\WorldServer\Entities\CMainThread_DB.cpp(1096,39): error C2027: use of undefined type '_db_cash_limited_sale' [d:\Private Project\RF Online\WorldServer\WorldServer.vcxproj]
     1>d:\Private Project\RF Online\WorldServer\Entities\CMainThread_DB.cpp(1098,39): error C2027: use of undefined type '_db_cash_limited_sale' [d:\Private Project\RF Online\WorldServer\WorldServer.vcxproj]
     1>d:\Private Project\RF Online\WorldServer\Entities\CMainThread_DB.cpp(1101,23): error C2027: use of undefined type '_db_cash_limited_sale' [d:\Private Project\RF Online\WorldServer\WorldServer.vcxproj]
     1>d:\Private Project\RF Online\WorldServer\Entities\CMainThread_DB.cpp(1103,9): error C2027: use of undefined type '_db_cash_limited_sale' [d:\Private Project\RF Online\WorldServer\WorldServer.vcxproj]
     1>d:\Private Project\RF Online\WorldServer\Entities\CMainThread_DB.cpp(1103,39): error C2027: use of undefined type '_db_cash_limited_sale' [d:\Private Project\RF Online\WorldServer\WorldServer.vcxproj]
     1>d:\Private Project\RF Online\WorldServer\Entities\CMainThread_DB.cpp(1105,42): error C2027: use of undefined type '_db_cash_limited_sale' [d:\Private Project\RF Online\WorldServer\WorldServer.vcxproj]
     1>d:\Private Project\RF Online\WorldServer\Entities\CMainThread_DB.cpp(1108,9): error C2027: use of undefined type '_db_cash_limited_sale' [d:\Private Project\RF Online\WorldServer\WorldServer.vcxproj]
     1>d:\Private Project\RF Online\WorldServer\Entities\CMainThread_DB.cpp(1108,40): error C2027: use of undefined type '_db_cash_limited_sale' [d:\Private Project\RF Online\WorldServer\WorldServer.vcxproj]
     1>d:\Private Project\RF Online\WorldServer\Entities\CMainThread_DB.cpp(1110,39): error C2027: use of undefined type '_db_cash_limited_sale' [d:\Private Project\RF Online\WorldServer\WorldServer.vcxproj]
     1>d:\Private Project\RF Online\WorldServer\Entities\CMainThread_DB.cpp(1135,18): error C2660: 'CCryptor::MakeHash': function does not take 5 arguments [d:\Private Project\RF Online\WorldServer\WorldServer.vcxproj]
     1>d:\Private Project\RF Online\WorldServer\Entities\CMainThread_DB.cpp(1187,52): error C2660: 'CGoldenBoxItemMgr::GetLoopCount': function does not take 1 arguments [d:\Private Project\RF Online\WorldServer\WorldServer.vcxproj]
     1>d:\Private Project\RF Online\WorldServer\Entities\CMainThread_DB.cpp(1379,22): error C2660: 'CMainThread::_db_Update_Inven': function does not take 5 arguments [d:\Private Project\RF Online\WorldServer\WorldServer.vcxproj]
     1>d:\Private Project\RF Online\WorldServer\Entities\CMainThread_DB.cpp(1417,23): error C2660: 'CMainThread::_db_Update_Inven': function does not take 5 arguments [d:\Private Project\RF Online\WorldServer\WorldServer.vcxproj]
     1>d:\Private Project\RF Online\WorldServer\Entities\CMainThread_DB.cpp(1430,19): error C2556: 'bool CMainThread::_db_Update_MacroData(unsigned int,_AIOC_A_MACRODATA *,_AIOC_A_MACRODATA *)': overloaded function differs only by return type from 'char CMainThread::_db_Update_MacroData(unsigned int,_AIOC_A_MACRODATA *,_AIOC_A_MACRODATA *)' [d:\Private Project\RF Online\WorldServer\WorldServer.vcxproj]
     1>d:\Private Project\RF Online\WorldServer\Entities\CMainThread_DB.cpp(1430,19): error C2371: 'CMainThread::_db_Update_MacroData': redefinition; different basic types [d:\Private Project\RF Online\WorldServer\WorldServer.vcxproj]
     1>d:\Private Project\RF Online\WorldServer\Entities\CMainThread_DB_Load.cpp(58,23): error C2039: 'Select_CheckSumValue': is not a member of 'CRFWorldDatabase' [d:\Private Project\RF Online\WorldServer\WorldServer.vcxproj]
     1>d:\Private Project\RF Online\WorldServer\Entities\CMainThread_DB_Load.cpp(58,23): error C3861: 'Select_CheckSumValue': identifier not found [d:\Private Project\RF Online\WorldServer\WorldServer.vcxproj]
     1>d:\Private Project\RF Online\WorldServer\Entities\CMainThread_DB_Load.cpp(240,47): error C2039: 'Select_PvpRate': is not a member of 'CRFWorldDatabase' [d:\Private Project\RF Online\WorldServer\WorldServer.vcxproj]
     1>d:\Private Project\RF Online\WorldServer\Entities\CMainThread_DB_Load.cpp(240,47): error C3861: 'Select_PvpRate': identifier not found [d:\Private Project\RF Online\WorldServer\WorldServer.vcxproj]
     1>d:\Private Project\RF Online\WorldServer\Entities\CMainThread_DB_Load.cpp(272,62): error C2039: 'db_load_inven': is not a member of 'AutominePersonalMgr' [d:\Private Project\RF Online\WorldServer\WorldServer.vcxproj]
     1>d:\Private Project\RF Online\WorldServer\Entities\CMainThread_DB_Load.cpp(272,62): error C3861: 'db_load_inven': identifier not found [d:\Private Project\RF Online\WorldServer\WorldServer.vcxproj]
     1>d:\Private Project\RF Online\WorldServer\Entities\CMainThread_DB_Load.cpp(314,28): error C2039: 'Select_ItemCharge': is not a member of 'CRFWorldDatabase' [d:\Private Project\RF Online\WorldServer\WorldServer.vcxproj]
     1>d:\Private Project\RF Online\WorldServer\Entities\CMainThread_DB_Load.cpp(314,28): error C3861: 'Select_ItemCharge': identifier not found [d:\Private Project\RF Online\WorldServer\WorldServer.vcxproj]
     1>d:\Private Project\RF Online\WorldServer\Entities\CMainThread_DB_Load.cpp(329,27): error C2039: 'Delete_ItemCharge': is not a member of 'CRFWorldDatabase' [d:\Private Project\RF Online\WorldServer\WorldServer.vcxproj]
     1>d:\Private Project\RF Online\WorldServer\Entities\CMainThread_DB_Load.cpp(329,27): error C3861: 'Delete_ItemCharge': identifier not found [d:\Private Project\RF Online\WorldServer\WorldServer.vcxproj]
     1>d:\Private Project\RF Online\WorldServer\Entities\CMainThread_DB_Load.cpp(337,27): error C2039: 'Delete_ItemCharge': is not a member of 'CRFWorldDatabase' [d:\Private Project\RF Online\WorldServer\WorldServer.vcxproj]
     1>d:\Private Project\RF Online\WorldServer\Entities\CMainThread_DB_Load.cpp(337,27): error C3861: 'Delete_ItemCharge': identifier not found [d:\Private Project\RF Online\WorldServer\WorldServer.vcxproj]
     1>d:\Private Project\RF Online\WorldServer\Entities\CMainThread_DB_Load.cpp(372,29): error C2039: 'Delete_ItemCharge': is not a member of 'CRFWorldDatabase' [d:\Private Project\RF Online\WorldServer\WorldServer.vcxproj]
     1>d:\Private Project\RF Online\WorldServer\Entities\CMainThread_DB_Load.cpp(372,29): error C3861: 'Delete_ItemCharge': identifier not found [d:\Private Project\RF Online\WorldServer\WorldServer.vcxproj]
     1>d:\Private Project\RF Online\WorldServer\Entities\CMainThread_DB_Load.cpp(416,30): error C2039: 'Select_AccountItemCharge': is not a member of 'CRFWorldDatabase' [d:\Private Project\RF Online\WorldServer\WorldServer.vcxproj]
     1>d:\Private Project\RF Online\WorldServer\Entities\CMainThread_DB_Load.cpp(416,30): error C3861: 'Select_AccountItemCharge': identifier not found [d:\Private Project\RF Online\WorldServer\WorldServer.vcxproj]
     1>d:\Private Project\RF Online\WorldServer\Entities\CMainThread_DB_Load.cpp(435,29): error C2039: 'Select_AccountItemCharge': is not a member of 'CRFWorldDatabase' [d:\Private Project\RF Online\WorldServer\WorldServer.vcxproj]
     1>d:\Private Project\RF Online\WorldServer\Entities\CMainThread_DB_Load.cpp(435,29): error C3861: 'Select_AccountItemCharge': identifier not found [d:\Private Project\RF Online\WorldServer\WorldServer.vcxproj]
     1>d:\Private Project\RF Online\WorldServer\Entities\CMainThread_DB_Load.cpp(452,25): error C2039: 'Delete_TrunkItemCharge': is not a member of 'CRFWorldDatabase' [d:\Private Project\RF Online\WorldServer\WorldServer.vcxproj]
     1>d:\Private Project\RF Online\WorldServer\Entities\CMainThread_DB_Load.cpp(452,25): error C3861: 'Delete_TrunkItemCharge': identifier not found [d:\Private Project\RF Online\WorldServer\WorldServer.vcxproj]
     1>d:\Private Project\RF Online\WorldServer\Entities\CMainThread_DB_Load.cpp(467,25): error C2039: 'Delete_TrunkItemCharge': is not a member of 'CRFWorldDatabase' [d:\Private Project\RF Online\WorldServer\WorldServer.vcxproj]
     1>d:\Private Project\RF Online\WorldServer\Entities\CMainThread_DB_Load.cpp(467,25): error C3861: 'Delete_TrunkItemCharge': identifier not found [d:\Private Project\RF Online\WorldServer\WorldServer.vcxproj]
     1>d:\Private Project\RF Online\WorldServer\Entities\CMainThread_DB_Load.cpp(478,23): error C2039: 'Delete_TrunkItemCharge': is not a member of 'CRFWorldDatabase' [d:\Private Project\RF Online\WorldServer\WorldServer.vcxproj]
     1>d:\Private Project\RF Online\WorldServer\Entities\CMainThread_DB_Load.cpp(478,23): error C3861: 'Delete_TrunkItemCharge': identifier not found [d:\Private Project\RF Online\WorldServer\WorldServer.vcxproj]
     1>d:\Private Project\RF Online\WorldServer\Entities\CMainThread_DB_Load.cpp(485,29): error C2039: 'Select_AccountItemCharge': is not a member of 'CRFWorldDatabase' [d:\Private Project\RF Online\WorldServer\WorldServer.vcxproj]
     1>d:\Private Project\RF Online\WorldServer\Entities\CMainThread_DB_Load.cpp(485,29): error C3861: 'Select_AccountItemCharge': identifier not found [d:\Private Project\RF Online\WorldServer\WorldServer.vcxproj]
     1>d:\Private Project\RF Online\WorldServer\Entities\CMainThread_DB_Load.cpp(499,23): error C2039: 'Delete_TrunkItemCharge': is not a member of 'CRFWorldDatabase' [d:\Private Project\RF Online\WorldServer\WorldServer.vcxproj]
     1>d:\Private Project\RF Online\WorldServer\Entities\CMainThread_DB_Load.cpp(499,23): error C3861: 'Delete_TrunkItemCharge': identifier not found [d:\Private Project\RF Online\WorldServer\WorldServer.vcxproj]
     1>d:\Private Project\RF Online\WorldServer\Entities\CMainThread_DB_Load.cpp(506,29): error C2039: 'Select_AccountItemCharge': is not a member of 'CRFWorldDatabase' [d:\Private Project\RF Online\WorldServer\WorldServer.vcxproj]
     1>d:\Private Project\RF Online\WorldServer\Entities\CMainThread_DB_Load.cpp(506,29): error C3861: 'Select_AccountItemCharge': identifier not found [d:\Private Project\RF Online\WorldServer\WorldServer.vcxproj]
     1>d:\Private Project\RF Online\WorldServer\Entities\CMainThread_DB_Load.cpp(520,23): error C2039: 'Delete_TrunkItemCharge': is not a member of 'CRFWorldDatabase' [d:\Private Project\RF Online\WorldServer\WorldServer.vcxproj]
     1>d:\Private Project\RF Online\WorldServer\Entities\CMainThread_DB_Load.cpp(520,23): error C3861: 'Delete_TrunkItemCharge': identifier not found [d:\Private Project\RF Online\WorldServer\WorldServer.vcxproj]
     1>d:\Private Project\RF Online\WorldServer\Entities\CMainThread_DB_Load.cpp(528,41): error C2039: 'Select_AccountItemCharge': is not a member of 'CRFWorldDatabase' [d:\Private Project\RF Online\WorldServer\WorldServer.vcxproj]
     1>d:\Private Project\RF Online\WorldServer\Entities\CMainThread_DB_Load.cpp(528,41): error C3861: 'Select_AccountItemCharge': identifier not found [d:\Private Project\RF Online\WorldServer\WorldServer.vcxproj]
     1>d:\Private Project\RF Online\WorldServer\Entities\CMainThread_DB_Load.cpp(544,31): error C2039: 'Select_AccountItemCharge': is not a member of 'CRFWorldDatabase' [d:\Private Project\RF Online\WorldServer\WorldServer.vcxproj]
     1>d:\Private Project\RF Online\WorldServer\Entities\CMainThread_DB_Load.cpp(544,31): error C3861: 'Select_AccountItemCharge': identifier not found [d:\Private Project\RF Online\WorldServer\WorldServer.vcxproj]
     1>d:\Private Project\RF Online\WorldServer\Entities\CMainThread_DB_Load.cpp(566,25): error C2039: 'Delete_TrunkItemCharge': is not a member of 'CRFWorldDatabase' [d:\Private Project\RF Online\WorldServer\WorldServer.vcxproj]
     1>d:\Private Project\RF Online\WorldServer\Entities\CMainThread_DB_Load.cpp(566,25): error C3861: 'Delete_TrunkItemCharge': identifier not found [d:\Private Project\RF Online\WorldServer\WorldServer.vcxproj]
     1>d:\Private Project\RF Online\WorldServer\Entities\CMainThread_DB_Load.cpp(576,30): error C2039: 'Select_AccountItemCharge': is not a member of 'CRFWorldDatabase' [d:\Private Project\RF Online\WorldServer\WorldServer.vcxproj]
     1>d:\Private Project\RF Online\WorldServer\Entities\CMainThread_DB_Load.cpp(576,30): error C3861: 'Select_AccountItemCharge': identifier not found [d:\Private Project\RF Online\WorldServer\WorldServer.vcxproj]
     1>d:\Private Project\RF Online\WorldServer\Entities\CMainThread_DB_Load.cpp(617,25): error C2039: 'Delete_TrunkItemCharge': is not a member of 'CRFWorldDatabase' [d:\Private Project\RF Online\WorldServer\WorldServer.vcxproj]
     1>d:\Private Project\RF Online\WorldServer\Entities\CMainThread_DB_Load.cpp(617,25): error C3861: 'Delete_TrunkItemCharge': identifier not found [d:\Private Project\RF Online\WorldServer\WorldServer.vcxproj]
     1>d:\Private Project\RF Online\WorldServer\Entities\CMainThread_DB_Update.cpp(164,28): error C2660: 'CRFWorldDatabase::Update_IncreaseWeeklyGuildKillPvpPointSum': function does not take 3 arguments [d:\Private Project\RF Online\WorldServer\WorldServer.vcxproj]
     1>d:\Private Project\RF Online\WorldServer\Entities\CMainThread_DB_Update.cpp(178,28): error C2660: 'CRFWorldDatabase::Update_CristalBattleCharInfo': function does not take 7 arguments [d:\Private Project\RF Online\WorldServer\WorldServer.vcxproj]
     1>d:\Private Project\RF Online\WorldServer\Entities\CMainThread_DB_Update.cpp(198,31): error C2660: 'CRFWorldDatabase::update_cristalbattle_date': function does not take 3 arguments [d:\Private Project\RF Online\WorldServer\WorldServer.vcxproj]
     1>d:\Private Project\RF Online\WorldServer\Entities\CMainThread_DB_Update.cpp(200,29): error C2660: 'CRFWorldDatabase::Insert_Supplement': function does not take 2 arguments [d:\Private Project\RF Online\WorldServer\WorldServer.vcxproj]
     1>d:\Private Project\RF Online\WorldServer\Entities\CMainThread_DB_Update.cpp(202,32): error C2660: 'CRFWorldDatabase::update_cristalbattle_date': function does not take 3 arguments [d:\Private Project\RF Online\WorldServer\WorldServer.vcxproj]
     1>d:\Private Project\RF Online\WorldServer\Entities\CMainThread_DB_Update.cpp(219,28): error C2665: 'CRFWorldDatabase::select_amine_personal': no overloaded function could convert all the argument types [d:\Private Project\RF Online\WorldServer\WorldServer.vcxproj]
     1>d:\Private Project\RF Online\WorldServer\Entities\CMainThread_DB_Update.cpp(220,29): error C2660: 'CRFWorldDatabase::insert_amine_personal': function does not take 2 arguments [d:\Private Project\RF Online\WorldServer\WorldServer.vcxproj]
     1>d:\Private Project\RF Online\WorldServer\Entities\CMainThread_DB_Update.cpp(317,25): error C2660: 'CRFWorldDatabase::Update_CharacterData': function does not take 3 arguments [d:\Private Project\RF Online\WorldServer\WorldServer.vcxproj]
     1>d:\Private Project\RF Online\WorldServer\Entities\CMainThread_DB_Update.cpp(356,25): error C2660: 'CRFWorldDatabase::Update_Post': function does not take 2 arguments [d:\Private Project\RF Online\WorldServer\WorldServer.vcxproj]
     1>d:\Private Project\RF Online\WorldServer\Entities\CMainThread_DB_Update.cpp(372,36): error C2660: 'CRFWorldDatabase::Select_PostStorageRecordCheck': function does not take 1 arguments [d:\Private Project\RF Online\WorldServer\WorldServer.vcxproj]
     1>d:\Private Project\RF Online\WorldServer\Entities\CMainThread_DB_Update.cpp(374,33): error C2660: 'CRFWorldDatabase::Insert_PostStorageRecord': function does not take 1 arguments [d:\Private Project\RF Online\WorldServer\WorldServer.vcxproj]
     1>d:\Private Project\RF Online\WorldServer\Entities\CMainThread_DB_Update.cpp(376,35): error C2660: 'CRFWorldDatabase::Select_PostStorageEmptyRecordSerial': function does not take 2 arguments [d:\Private Project\RF Online\WorldServer\WorldServer.vcxproj]
     1>d:\Private Project\RF Online\WorldServer\Entities\CMainThread_DB_Update.cpp(380,48): error C2660: 'CRFWorldDatabase::Update_PostStorageSendToRecver': function does not take 17 arguments [d:\Private Project\RF Online\WorldServer\WorldServer.vcxproj]
     1>d:\Private Project\RF Online\WorldServer\Entities\CMainThread_DB_Update.cpp(484,48): error C2660: 'CRFWorldDatabase::Update_Post': function does not take 2 arguments [d:\Private Project\RF Online\WorldServer\WorldServer.vcxproj]
     1>d:\Private Project\RF Online\WorldServer\Entities\CMainThread_DB_Update.cpp(502,25): error C2660: 'CRFWorldDatabase::Update_Post': function does not take 2 arguments [d:\Private Project\RF Online\WorldServer\WorldServer.vcxproj]
     1>d:\Private Project\RF Online\WorldServer\Entities\CMainThread_DB_Update.cpp(1600,30): error C2660: 'CRFWorldDatabase::Insert_Start_NpcQuest_History': function does not take 6 arguments [d:\Private Project\RF Online\WorldServer\WorldServer.vcxproj]
     1>d:\Private Project\RF Online\WorldServer\Entities\CMainThread_DB_Update.cpp(1996,30): error C2556: 'unsigned char CMainThread::_db_Update_TimeLimitInfo(unsigned int,_AVATOR_DATA *,_AVATOR_DATA *,char *,int)': overloaded function differs only by return type from 'char CMainThread::_db_Update_TimeLimitInfo(unsigned int,_AVATOR_DATA *,_AVATOR_DATA *,char *,int)' [d:\Private Project\RF Online\WorldServer\WorldServer.vcxproj]
     1>d:\Private Project\RF Online\WorldServer\Entities\CMainThread_DB_Update.cpp(1996,30): error C2371: 'CMainThread::_db_Update_TimeLimitInfo': redefinition; different basic types [d:\Private Project\RF Online\WorldServer\WorldServer.vcxproj]
     1>d:\Private Project\RF Online\WorldServer\Entities\CMainThread_DB_Update.cpp(2381,21): error C2039: 'IsPotionDelayUseIndex': is not a member of 'CPotionMgr' [d:\Private Project\RF Online\WorldServer\WorldServer.vcxproj]
     1>d:\Private Project\RF Online\WorldServer\Entities\CMainThread_DB_Update.cpp(2381,21): error C3861: 'IsPotionDelayUseIndex': identifier not found [d:\Private Project\RF Online\WorldServer\WorldServer.vcxproj]
     1>d:\Private Project\RF Online\WorldServer\Entities\CMainThread_DQS.cpp(417,33): error C2039: 'CreateGuildBattleRankTable': is not a member of 'CRFWorldDatabase' [d:\Private Project\RF Online\WorldServer\WorldServer.vcxproj]
     1>d:\Private Project\RF Online\WorldServer\Entities\CMainThread_DQS.cpp(426,33): error C2039: 'UpdateClearGuildBattleRank': is not a member of 'CRFWorldDatabase' [d:\Private Project\RF Online\WorldServer\WorldServer.vcxproj]
     1>d:\Private Project\RF Online\WorldServer\Entities\CMainThread_DQS.cpp(504,23): error C2039: 'Update': is not a member of 'CTotalGuildRankManager' [d:\Private Project\RF Online\WorldServer\WorldServer.vcxproj]
     1>d:\Private Project\RF Online\WorldServer\Entities\CMainThread_DQS.cpp(514,23): error C2039: 'UpdateTodayRank': is not a member of 'CWeeklyGuildRankManager' [d:\Private Project\RF Online\WorldServer\WorldServer.vcxproj]
     1>d:\Private Project\RF Online\WorldServer\Entities\CMainThread_DQS.cpp(524,23): error C2039: 'UpdateWeeklyOwner': is not a member of 'CWeeklyGuildRankManager' [d:\Private Project\RF Online\WorldServer\WorldServer.vcxproj]
     1>d:\Private Project\RF Online\WorldServer\Entities\CMainThread_DQS.cpp(533,33): error C2039: 'Update_ClearWeeklyPvpPointSum': is not a member of 'CRFWorldDatabase' [d:\Private Project\RF Online\WorldServer\WorldServer.vcxproj]
     1>d:\Private Project\RF Online\WorldServer\Entities\CMainThread_DQS.cpp(542,33): error C2039: 'Update_IncreaseWeeklyGuildGuildBattlePvpPointSum': is not a member of 'CRFWorldDatabase' [d:\Private Project\RF Online\WorldServer\WorldServer.vcxproj]
     1>d:\Private Project\RF Online\WorldServer\Entities\CMainThread_DQS.cpp(590,38): error C2039: 'request_query': is not a member of 'AutominePersonalMgr' [d:\Private Project\RF Online\WorldServer\WorldServer.vcxproj]
     1>d:\Private Project\RF Online\WorldServer\Entities\CMainThread_DQS.cpp(597,33): error C2039: 'Select_GuildBattleRecord': is not a member of 'CRFWorldDatabase' [d:\Private Project\RF Online\WorldServer\WorldServer.vcxproj]
     1>d:\Private Project\RF Online\WorldServer\Entities\CMainThread_DQS.cpp(605,53): error C2039: 'Select_UnmannedTraderReservedSchedule': is not a member of 'CRFWorldDatabase' [d:\Private Project\RF Online\WorldServer\WorldServer.vcxproj]
     1>d:\Private Project\RF Online\WorldServer\Entities\CMainThread_DQS.cpp(735,33): error C2039: 'Insert_GuildBatlleResultLog': is not a member of 'CRFWorldDatabase' [d:\Private Project\RF Online\WorldServer\WorldServer.vcxproj]
     1>d:\Private Project\RF Online\WorldServer\Entities\CMainThread_DQS.cpp(916,38): error C2039: 'Update_RegistCandidate_2st': is not a member of 'CandidateMgr' [d:\Private Project\RF Online\WorldServer\WorldServer.vcxproj]
     1>d:\Private Project\RF Online\WorldServer\Entities\CMainThread_DQS.cpp(922,38): error C2039: 'Update_Score': is not a member of 'CandidateMgr' [d:\Private Project\RF Online\WorldServer\WorldServer.vcxproj]
     1>d:\Private Project\RF Online\WorldServer\Entities\CMainThread_DQS.cpp(928,38): error C2039: 'Update_ClassType': is not a member of 'CandidateMgr' [d:\Private Project\RF Online\WorldServer\WorldServer.vcxproj]
     1>d:\Private Project\RF Online\WorldServer\Entities\CMainThread_DQS.cpp(935,38): error C2039: 'Insert_Candidate': is not a member of 'CandidateMgr' [d:\Private Project\RF Online\WorldServer\WorldServer.vcxproj]
     1>d:\Private Project\RF Online\WorldServer\Entities\CMainThread_DQS.cpp(955,40): error C2039: 'Insert_Elect': is not a member of 'PatriarchElectProcessor' [d:\Private Project\RF Online\WorldServer\WorldServer.vcxproj]
     1>d:\Private Project\RF Online\WorldServer\Entities\CMainThread_DQS.cpp(961,40): error C2039: 'Update_Elect': is not a member of 'PatriarchElectProcessor' [d:\Private Project\RF Online\WorldServer\WorldServer.vcxproj]
     1>d:\Private Project\RF Online\WorldServer\Entities\CMainThread_DQS.cpp(967,38): error C2039: 'Update_Refund': is not a member of 'CandidateMgr' [d:\Private Project\RF Online\WorldServer\WorldServer.vcxproj]
     1>d:\Private Project\RF Online\WorldServer\Entities\CMainThread_DQS.cpp(974,25): error C2039: 'LoadElectState': is not a member of 'PatriarchElectProcessor' [d:\Private Project\RF Online\WorldServer\WorldServer.vcxproj]
     1>d:\Private Project\RF Online\WorldServer\Entities\CMainThread_DQS.cpp(983,40): error C2039: 'Request_Refund': is not a member of 'PatriarchElectProcessor' [d:\Private Project\RF Online\WorldServer\WorldServer.vcxproj]
     1>d:\Private Project\RF Online\WorldServer\Entities\CMainThread_DQS.cpp(989,40): error C2039: 'Insert_PatrirchItemChargeRefund': is not a member of 'PatriarchElectProcessor' [d:\Private Project\RF Online\WorldServer\WorldServer.vcxproj]
     1>d:\Private Project\RF Online\WorldServer\Entities\CMainThread_DQS.cpp(995,38): error C2039: 'Update_DischargePatriarch': is not a member of 'CandidateMgr' [d:\Private Project\RF Online\WorldServer\WorldServer.vcxproj]
     1>d:\Private Project\RF Online\WorldServer\Entities\CMainThread_DQS.cpp(1001,33): error C2039: 'Update_Punishment': is not a member of 'CRFWorldDatabase' [d:\Private Project\RF Online\WorldServer\WorldServer.vcxproj]
     1>d:\Private Project\RF Online\WorldServer\Entities\CMainThread_DQS.cpp(1010,53): error C2039: 'Select_GetCharSerialByNameRace': is not a member of 'CRFWorldDatabase' [d:\Private Project\RF Online\WorldServer\WorldServer.vcxproj]
     1>d:\Private Project\RF Online\WorldServer\Entities\CMainThread_DQS.cpp(1034,33): error C2039: 'Insert_PatriarchComm': is not a member of 'CRFWorldDatabase' [d:\Private Project\RF Online\WorldServer\WorldServer.vcxproj]
     1>d:\Private Project\RF Online\WorldServer\Entities\CMainThread_DQS.cpp(1046,36): error C2039: 'UpdateNextHonorGuild': is not a member of 'CHonorGuild' [d:\Private Project\RF Online\WorldServer\WorldServer.vcxproj]
     1>d:\Private Project\RF Online\WorldServer\Entities\CMainThread_DQS.cpp(1052,36): error C2039: 'UpdateChangeHonorGuild': is not a member of 'CHonorGuild' [d:\Private Project\RF Online\WorldServer\WorldServer.vcxproj]
     1>d:\Private Project\RF Online\WorldServer\Entities\CMainThread_DQS.cpp(1069,33): error C2039: 'Insert_RaceBattleLog': is not a member of 'CRFWorldDatabase' [d:\Private Project\RF Online\WorldServer\WorldServer.vcxproj]
     1>d:\Private Project\RF Online\WorldServer\Entities\CMainThread_DQS.cpp(1078,38): error C2039: 'CheckDBValidCharacter': is not a member of 'CandidateMgr' [d:\Private Project\RF Online\WorldServer\WorldServer.vcxproj]
     1>d:\Private Project\RF Online\WorldServer\Entities\CMainThread_DQS.cpp(1084,38): error C2039: 'Update_VoteTime': is not a member of 'CandidateMgr' [d:\Private Project\RF Online\WorldServer\WorldServer.vcxproj]
     1>d:\Private Project\RF Online\WorldServer\Entities\CMainThread_DQS.cpp(1103,16): error C2039: 'LoadBossAccmulationWinRate': is not a member of 'CRaceBossWinRate' [d:\Private Project\RF Online\WorldServer\WorldServer.vcxproj]
     1>d:\Private Project\RF Online\WorldServer\Entities\CMainThread_DQS.cpp(1120,53): error C2039: 'Select_GuildMasterLastConn': is not a member of 'CRFWorldDatabase' [d:\Private Project\RF Online\WorldServer\WorldServer.vcxproj]
     1>d:\Private Project\RF Online\WorldServer\Entities\CMainThread_DQS.cpp(1130,30): error C2039: 'Select_CharacterReName': is not a member of 'CRFWorldDatabase' [d:\Private Project\RF Online\WorldServer\WorldServer.vcxproj]
     1>d:\Private Project\RF Online\WorldServer\Entities\CMainThread_DQS.cpp(1138,30): error C2039: 'Update_CharacterReName': is not a member of 'CRFWorldDatabase' [d:\Private Project\RF Online\WorldServer\WorldServer.vcxproj]
     1>d:\Private Project\RF Online\WorldServer\Entities\CMainThread_DQS.cpp(1152,30): error C2039: 'Updatet_Account_Vote_Available': is not a member of 'CRFWorldDatabase' [d:\Private Project\RF Online\WorldServer\WorldServer.vcxproj]
     1>d:\Private Project\RF Online\WorldServer\Entities\CMainThread_DQS.cpp(1162,30): error C2039: 'Update_Player_Vote_Info': is not a member of 'CRFWorldDatabase' [d:\Private Project\RF Online\WorldServer\WorldServer.vcxproj]
     1>d:\Private Project\RF Online\WorldServer\Entities\CMainThread_DQS.cpp(1174,48): error C2039: 'UpdateVotedReset_Cheat': is not a member of 'CRFWorldDatabase' [d:\Private Project\RF Online\WorldServer\WorldServer.vcxproj]
     1>d:\Private Project\RF Online\WorldServer\Entities\CMainThread_DQS.cpp(1181,48): error C2039: 'UpdateServerResetToken': is not a member of 'CRFWorldDatabase' [d:\Private Project\RF Online\WorldServer\WorldServer.vcxproj]
     1>d:\Private Project\RF Online\WorldServer\Entities\CMainThread_DQS.cpp(1191,53): error C2039: 'Select_Player_Last_LogoutTime': is not a member of 'CRFWorldDatabase' [d:\Private Project\RF Online\WorldServer\WorldServer.vcxproj]
     1>d:\Private Project\RF Online\WorldServer\Entities\CMainThread_DQS.cpp(1197,27): error C2039: 'Insert_PlayerTimeLimitInfo': is not a member of 'CRFWorldDatabase' [d:\Private Project\RF Online\WorldServer\WorldServer.vcxproj]
     1>d:\Private Project\RF Online\WorldServer\Entities\CMainThread_DQS.cpp(1199,29): error C2039: 'Select_Player_Last_LogoutTime': is not a member of 'CRFWorldDatabase' [d:\Private Project\RF Online\WorldServer\WorldServer.vcxproj]
     1>d:\Private Project\RF Online\WorldServer\Entities\CMainThread_DQS.cpp(1215,48): error C2039: 'Update_Player_TimeLimit_Info': is not a member of 'CRFWorldDatabase' [d:\Private Project\RF Online\WorldServer\WorldServer.vcxproj]
     1>d:\Private Project\RF Online\WorldServer\Entities\CMainThread_DQS.cpp(1230,18): error C2039: 'Set_FROMDB_LimitedSale_Event': is not a member of 'CashItemRemoteStore' [d:\Private Project\RF Online\WorldServer\WorldServer.vcxproj]
     1>d:\Private Project\RF Online\WorldServer\Entities\CMainThread_DQS.cpp(1262,26): error C2039: 'Insert_OreReset_Log': is not a member of 'CRFWorldDatabase' [d:\Private Project\RF Online\WorldServer\WorldServer.vcxproj]
     1>d:\Private Project\RF Online\WorldServer\Entities\CMainThread_DQS.cpp(1399,18): error C2039: 'UpdateComlete': is not a member of 'CTotalGuildRankManager' [d:\Private Project\RF Online\WorldServer\WorldServer.vcxproj]
     1>d:\Private Project\RF Online\WorldServer\Entities\CMainThread_DQS.cpp(1405,18): error C2039: 'CompleteLoadeTodayRank': is not a member of 'CWeeklyGuildRankManager' [d:\Private Project\RF Online\WorldServer\WorldServer.vcxproj]
     1>d:\Private Project\RF Online\WorldServer\Entities\CMainThread_DQS.cpp(1411,18): error C2039: 'CompleteUpdateWeeklyOwner': is not a member of 'CWeeklyGuildRankManager' [d:\Private Project\RF Online\WorldServer\WorldServer.vcxproj]
     1>d:\Private Project\RF Online\WorldServer\Entities\CMainThread_DQS.cpp(1417,18): error C2039: 'CompleteUpdateClear': is not a member of 'CWeeklyGuildRankManager' [d:\Private Project\RF Online\WorldServer\WorldServer.vcxproj]
     1>d:\Private Project\RF Online\WorldServer\Entities\CMainThread_DQS.cpp(1435,18): error C2039: 'result_query': is not a member of 'AutominePersonalMgr' [d:\Private Project\RF Online\WorldServer\WorldServer.vcxproj]
     1>d:\Private Project\RF Online\WorldServer\Entities\CMainThread_DQS.cpp(1683,18): error C2039: 'CompleteInsertCandidate': is not a member of 'CandidateMgr' [d:\Private Project\RF Online\WorldServer\WorldServer.vcxproj]
     1>d:\Private Project\RF Online\WorldServer\Entities\CMainThread_DQS.cpp(1692,20): error C2039: 'CompleteInsertElect': is not a member of 'PatriarchElectProcessor' [d:\Private Project\RF Online\WorldServer\WorldServer.vcxproj]
     1>d:\Private Project\RF Online\WorldServer\Entities\CMainThread_DQS.cpp(1698,20): error C2039: 'CompleteSelectElect': is not a member of 'PatriarchElectProcessor' [d:\Private Project\RF Online\WorldServer\WorldServer.vcxproj]
     1>d:\Private Project\RF Online\WorldServer\Entities\CMainThread_DQS.cpp(1704,20): error C2039: 'CompleteRequestRefund': is not a member of 'PatriarchElectProcessor' [d:\Private Project\RF Online\WorldServer\WorldServer.vcxproj]
     1>d:\Private Project\RF Online\WorldServer\Entities\CMainThread_DQS.cpp(1710,20): error C2039: 'CompleteItemChargeRefund': is not a member of 'PatriarchElectProcessor' [d:\Private Project\RF Online\WorldServer\WorldServer.vcxproj]
     1>d:\Private Project\RF Online\WorldServer\Entities\CMainThread_DQS.cpp(1716,20): error C2039: 'CompleteInsertPatriarch': is not a member of 'PatriarchElectProcessor' [d:\Private Project\RF Online\WorldServer\WorldServer.vcxproj]
     1>d:\Private Project\RF Online\WorldServer\Entities\CMainThread_DQS.cpp(1720,68): error C2039: 'CompleteSelectCharSerial': is not a member of 'CVoteSystem' [d:\Private Project\RF Online\WorldServer\WorldServer.vcxproj]
     1>d:\Private Project\RF Online\WorldServer\Entities\CMainThread_DQS.cpp(1731,16): error C2039: 'DQSCompleteInAtradTaxMoney': is not a member of 'CHonorGuild' [d:\Private Project\RF Online\WorldServer\WorldServer.vcxproj]
     1>d:\Private Project\RF Online\WorldServer\Entities\CMainThread_DQS.cpp(1737,20): error C2039: 'CompleteCheckInvalidChar': is not a member of 'PatriarchElectProcessor' [d:\Private Project\RF Online\WorldServer\WorldServer.vcxproj]
     1>d:\Private Project\RF Online\WorldServer\Entities\CMainThread_DQS.cpp(1755,14): error C2039: 'CompleteBossAccmulationWinRate': is not a member of 'CRaceBossWinRate' [d:\Private Project\RF Online\WorldServer\WorldServer.vcxproj]
     1>d:\Private Project\RF Online\WorldServer\Entities\CMainThread_DQS.cpp(1765,20): error C2039: 'Complete_DB_Update_Committee': is not a member of 'CGuild' [d:\Private Project\RF Online\WorldServer\WorldServer.vcxproj]
     1>d:\Private Project\RF Online\WorldServer\Entities\CMainThread_DQS.cpp(1775,18): error C2039: 'CompleteSelectMasterLastConn': is not a member of 'CGuild' [d:\Private Project\RF Online\WorldServer\WorldServer.vcxproj]
     1>d:\Private Project\RF Online\WorldServer\Entities\CMainThread_DQS.cpp(1780,21): error C2039: 'Complete_RenameChar_DB_Select': is not a member of 'CPotionMgr' [d:\Private Project\RF Online\WorldServer\WorldServer.vcxproj]
     1>d:\Private Project\RF Online\WorldServer\Entities\CMainThread_DQS.cpp(1780,21): error C3861: 'Complete_RenameChar_DB_Select': identifier not found [d:\Private Project\RF Online\WorldServer\WorldServer.vcxproj]
     1>d:\Private Project\RF Online\WorldServer\Entities\CMainThread_DQS.cpp(1783,21): error C2039: 'Complete_RenameChar_DB_Update': is not a member of 'CPotionMgr' [d:\Private Project\RF Online\WorldServer\WorldServer.vcxproj]
     1>d:\Private Project\RF Online\WorldServer\Entities\CMainThread_DQS.cpp(1783,21): error C3861: 'Complete_RenameChar_DB_Update': identifier not found [d:\Private Project\RF Online\WorldServer\WorldServer.vcxproj]
     1>d:\Private Project\RF Online\WorldServer\Entities\CMainThread_DQS.cpp(1811,55): error C2039: 'ClacLastLogoutTimeSec': is not a member of 'TimeLimitMgr' [d:\Private Project\RF Online\WorldServer\WorldServer.vcxproj]
     1>d:\Private Project\RF Online\WorldServer\Entities\CMainThread_DQS.cpp(1814,57): error C2039: 'GetEndPlayTime': is not a member of 'TimeLimitMgr' [d:\Private Project\RF Online\WorldServer\WorldServer.vcxproj]
     1>d:\Private Project\RF Online\WorldServer\Entities\CMainThread_DQS.cpp(1827,31): error C2039: 'UpdatePlayerStatus': is not a member of 'TimeLimitMgr' [d:\Private Project\RF Online\WorldServer\WorldServer.vcxproj]
     1>d:\Private Project\RF Online\WorldServer\Entities\CMainThread_DQS.cpp(1834,26): error C2039: 'ReSetPercent': is not a member of 'TimeLimitMgr' [d:\Private Project\RF Online\WorldServer\WorldServer.vcxproj]
     1>d:\Private Project\RF Online\WorldServer\Entities\CMainThread_DQS.cpp(1843,14): error C2039: 'BoxItemDataCopy': is not a member of 'CGoldenBoxItemMgr' [d:\Private Project\RF Online\WorldServer\WorldServer.vcxproj]
     1>d:\Private Project\RF Online\WorldServer\Entities\CMainThread_DQS.cpp(1870,14): error C2039: 'Reged_Char_Complete': is not a member of 'CUserDB' [d:\Private Project\RF Online\WorldServer\WorldServer.vcxproj]
     1>d:\Private Project\RF Online\WorldServer\Entities\CMainThread_DQS.cpp(1870,14): error C3861: 'Reged_Char_Complete': identifier not found [d:\Private Project\RF Online\WorldServer\WorldServer.vcxproj]
     1>d:\Private Project\RF Online\WorldServer\Entities\CMainThread_DQS.cpp(1883,14): error C2039: 'Insert_Char_Complete': is not a member of 'CUserDB' [d:\Private Project\RF Online\WorldServer\WorldServer.vcxproj]
     1>d:\Private Project\RF Online\WorldServer\Entities\CMainThread_DQS.cpp(1883,14): error C3861: 'Insert_Char_Complete': identifier not found [d:\Private Project\RF Online\WorldServer\WorldServer.vcxproj]
     1>d:\Private Project\RF Online\WorldServer\Entities\CMainThread_DQS.cpp(1892,14): error C2039: 'Delete_Char_Complete': is not a member of 'CUserDB' [d:\Private Project\RF Online\WorldServer\WorldServer.vcxproj]
     1>d:\Private Project\RF Online\WorldServer\Entities\CMainThread_DQS.cpp(1892,14): error C3861: 'Delete_Char_Complete': identifier not found [d:\Private Project\RF Online\WorldServer\WorldServer.vcxproj]
     1>d:\Private Project\RF Online\WorldServer\Entities\CMainThread_DQS.cpp(1903,14): error C2039: 'Select_Char_Complete': is not a member of 'CUserDB' [d:\Private Project\RF Online\WorldServer\WorldServer.vcxproj]
     1>d:\Private Project\RF Online\WorldServer\Entities\CMainThread_DQS.cpp(1903,14): error C3861: 'Select_Char_Complete': identifier not found [d:\Private Project\RF Online\WorldServer\WorldServer.vcxproj]
     1>d:\Private Project\RF Online\WorldServer\Entities\CMainThread_DQS.cpp(1930,14): error C2660: 'CUserDB::Exit_Account_Complete': function does not take 2 arguments [d:\Private Project\RF Online\WorldServer\WorldServer.vcxproj]
     1>d:\Private Project\RF Online\WorldServer\Entities\CMainThread_DQS.cpp(1950,19): error C2660: 'CNetworkEX::Close': function does not take 5 arguments [d:\Private Project\RF Online\WorldServer\WorldServer.vcxproj]
     1>d:\Private Project\RF Online\WorldServer\Entities\CMainThread_DQS.cpp(1975,49): error C2660: 'CPostStorage::GetPostDataFromInx': function does not take 2 arguments [d:\Private Project\RF Online\WorldServer\WorldServer.vcxproj]
     1>d:\Private Project\RF Online\WorldServer\Entities\CMainThread_DQS.cpp(1992,23): error C2039: 'ReSetOldDataLoad': is not a member of '_CUTTING_DB_BASE' [d:\Private Project\RF Online\WorldServer\WorldServer.vcxproj]
     1>d:\Private Project\RF Online\WorldServer\Entities\CMainThread_DQS.cpp(1992,23): error C3861: 'ReSetOldDataLoad': identifier not found [d:\Private Project\RF Online\WorldServer\WorldServer.vcxproj]
     1>d:\Private Project\RF Online\WorldServer\Entities\CMainThread_DQS.cpp(2005,19): error C2660: 'CNetworkEX::Close': function does not take 5 arguments [d:\Private Project\RF Online\WorldServer\WorldServer.vcxproj]
     1>d:\Private Project\RF Online\WorldServer\Entities\CMainThread_DQS.cpp(2289,34): error C2039: 'DQSCompleteInAtradTaxMoney': is not a member of 'CUnmannedTraderTaxRateManager' [d:\Private Project\RF Online\WorldServer\WorldServer.vcxproj]
     1>d:\Private Project\RF Online\WorldServer\Entities\CMainThread_DQS.cpp(2289,34): error C3861: 'DQSCompleteInAtradTaxMoney': identifier not found [d:\Private Project\RF Online\WorldServer\WorldServer.vcxproj]
     1>d:\Private Project\RF Online\WorldServer\Entities\CMainThread_DQS.cpp(2371,32): error C2660: 'CPostStorage::GetSize': function does not take 1 arguments [d:\Private Project\RF Online\WorldServer\WorldServer.vcxproj]
     1>d:\Private Project\RF Online\WorldServer\Entities\CMainThread_DQS.cpp(2396,21): error C2039: 'UpdatePost': is not a member of 'CPlayer' [d:\Private Project\RF Online\WorldServer\WorldServer.vcxproj]
     1>d:\Private Project\RF Online\WorldServer\Entities\CMainThread_DQS.cpp(2458,38): error C2660: 'CPostReturnStorage::GetSize': function does not take 1 arguments [d:\Private Project\RF Online\WorldServer\WorldServer.vcxproj]
     1>d:\Private Project\RF Online\WorldServer\Entities\CMainThread_DQS.cpp(2556,55): error C2027: use of undefined type '_qry_case_lobby_logout' [d:\Private Project\RF Online\WorldServer\WorldServer.vcxproj]
     1>d:\Private Project\RF Online\WorldServer\Entities\CMainThread_DQS.cpp(2556,30): error C2660: 'CMgrAccountLobbyHistory::lobby_disconnect': function does not take 1 arguments [d:\Private Project\RF Online\WorldServer\WorldServer.vcxproj]
     1>d:\Private Project\RF Online\WorldServer\Entities\CMainThread_DQS.cpp(2565,21): error C2661: '_INVEN_DB_BASE::operator =': no overloaded function takes 2 arguments [d:\Private Project\RF Online\WorldServer\WorldServer.vcxproj]
     1>d:\Private Project\RF Online\WorldServer\Entities\CMainThread_DQS.cpp(2566,14): error C2039: 'SendMsg_PostSendReply': is not a member of 'CPlayer' [d:\Private Project\RF Online\WorldServer\WorldServer.vcxproj]
     1>d:\Private Project\RF Online\WorldServer\Entities\CMainThread_DQS.cpp(2566,14): error C3861: 'SendMsg_PostSendReply': identifier not found [d:\Private Project\RF Online\WorldServer\WorldServer.vcxproj]
     1>d:\Private Project\RF Online\WorldServer\Entities\CMainThread_DQS.cpp(2579,23): error C2661: '_INVEN_DB_BASE::operator =': no overloaded function takes 2 arguments [d:\Private Project\RF Online\WorldServer\WorldServer.vcxproj]
     1>d:\Private Project\RF Online\WorldServer\Entities\CMainThread_DQS.cpp(2596,34): error C2039: 'SetPlayerState': is not a member of 'RFEventBase' [d:\Private Project\RF Online\WorldServer\WorldServer.vcxproj]
     1>d:\Private Project\RF Online\WorldServer\Entities\CPostSystemManager.cpp(108,39): error C2039: 'Update_PostRegistry': is not a member of 'CRFWorldDatabase' [d:\Private Project\RF Online\WorldServer\WorldServer.vcxproj]
     1>d:\Private Project\RF Online\WorldServer\Entities\CPostSystemManager.cpp(134,42): error C2039: 'Select_PostRecvStorageCheck': is not a member of 'CRFWorldDatabase' [d:\Private Project\RF Online\WorldServer\WorldServer.vcxproj]
     1>d:\Private Project\RF Online\WorldServer\Entities\CPostSystemManager.cpp(197,24): error C2039: 'Update_PostRegistryDisable': is not a member of 'CRFWorldDatabase' [d:\Private Project\RF Online\WorldServer\WorldServer.vcxproj]
     1>d:\Private Project\RF Online\WorldServer\Entities\CPostSystemManager.cpp(198,48): error C2039: 'Select_PostRecvSerialFromName': is not a member of 'CRFWorldDatabase' [d:\Private Project\RF Online\WorldServer\WorldServer.vcxproj]
     1>d:\Private Project\RF Online\WorldServer\Entities\CPostSystemManager.cpp(209,34): error C2039: 'Select_PlayerTimeLimitInfo': is not a member of 'CRFWorldDatabase' [d:\Private Project\RF Online\WorldServer\WorldServer.vcxproj]
     1>d:\Private Project\RF Online\WorldServer\Entities\CUnmannedTraderController.cpp(212,27): error C2039: 'Select_UnmannedTraderSingleItemEmptyRecordSerial': is not a member of 'CRFWorldDatabase' [d:\Private Project\RF Online\WorldServer\WorldServer.vcxproj]
     1>d:\Private Project\RF Online\WorldServer\Entities\CUnmannedTraderController.cpp(217,27): error C2039: 'Insert_UnmannedTraderSingleDefaultRecord': is not a member of 'CRFWorldDatabase' [d:\Private Project\RF Online\WorldServer\WorldServer.vcxproj]
     1>d:\Private Project\RF Online\WorldServer\Entities\CUnmannedTraderController.cpp(218,27): error C2039: 'Insert_UnmannedTraderSingleDefaultRecord': is not a member of 'CRFWorldDatabase' [d:\Private Project\RF Online\WorldServer\WorldServer.vcxproj]
     1>d:\Private Project\RF Online\WorldServer\Entities\CUnmannedTraderController.cpp(224,26): error C2039: 'Select_UnmannedTraderSingleItemEmptyRecordSerial': is not a member of 'CRFWorldDatabase' [d:\Private Project\RF Online\WorldServer\WorldServer.vcxproj]
     1>d:\Private Project\RF Online\WorldServer\Entities\CUnmannedTraderController.cpp(238,46): error C2039: 'Select_UnmannedTraderItemState': is not a member of 'CRFWorldDatabase' [d:\Private Project\RF Online\WorldServer\WorldServer.vcxproj]
     1>d:\Private Project\RF Online\WorldServer\Entities\CUnmannedTraderController.cpp(296,26): error C2039: 'Update_UnmannedTraderItemState': is not a member of 'CRFWorldDatabase' [d:\Private Project\RF Online\WorldServer\WorldServer.vcxproj]
     1>d:\Private Project\RF Online\WorldServer\Entities\CUnmannedTraderController.cpp(333,29): error C2039: 'Regist_UnmannedTraderSingleItem': is not a member of 'CRFWorldDatabase' [d:\Private Project\RF Online\WorldServer\WorldServer.vcxproj]
     1>d:\Private Project\RF Online\WorldServer\Entities\CUnmannedTraderController.cpp(365,30): error C2039: 'Select_UnmannedTraderBuySingleItemInfo': is not a member of 'CRFWorldDatabase' [d:\Private Project\RF Online\WorldServer\WorldServer.vcxproj]
     1>d:\Private Project\RF Online\WorldServer\Entities\CUnmannedTraderController.cpp(380,26): error C2039: 'Update_UnmannedTraderItemState': is not a member of 'CRFWorldDatabase' [d:\Private Project\RF Online\WorldServer\WorldServer.vcxproj]
     1>d:\Private Project\RF Online\WorldServer\Entities\CUnmannedTraderController.cpp(411,30): error C2039: 'Select_UnmannedTraderBuySingleItemInfo': is not a member of 'CRFWorldDatabase' [d:\Private Project\RF Online\WorldServer\WorldServer.vcxproj]
     1>d:\Private Project\RF Online\WorldServer\Entities\CUnmannedTraderController.cpp(418,24): error C2039: 'Update_UnmannedTraderItemState': is not a member of 'CRFWorldDatabase' [d:\Private Project\RF Online\WorldServer\WorldServer.vcxproj]
     1>d:\Private Project\RF Online\WorldServer\Entities\CUnmannedTraderController.cpp(448,26): error C2039: 'Select_CharacterName': is not a member of 'CRFWorldDatabase' [d:\Private Project\RF Online\WorldServer\WorldServer.vcxproj]
     1>d:\Private Project\RF Online\WorldServer\Entities\CUnmannedTraderController.cpp(454,28): error C2039: 'Update_UnmannedTraderItemState': is not a member of 'CRFWorldDatabase' [d:\Private Project\RF Online\WorldServer\WorldServer.vcxproj]
     1>d:\Private Project\RF Online\WorldServer\Entities\CUnmannedTraderController.cpp(485,26): error C2039: 'Update_UnmannedTraderSellInfoPrice': is not a member of 'CRFWorldDatabase' [d:\Private Project\RF Online\WorldServer\WorldServer.vcxproj]
     1>d:\Private Project\RF Online\WorldServer\Entities\CUnmannedTraderController.cpp(516,50): error C2039: 'Select_UnmannedTraderSellInfo': is not a member of 'CRFWorldDatabase' [d:\Private Project\RF Online\WorldServer\WorldServer.vcxproj]
     1>d:\Private Project\RF Online\WorldServer\Entities\CUnmannedTraderController.cpp(539,38): error C2039: 'Select_utSellWaitItems_SalesTotals': is not a member of 'CRFWorldDatabase' [d:\Private Project\RF Online\WorldServer\WorldServer.vcxproj]
     1>d:\Private Project\RF Online\WorldServer\Entities\CUnmannedTraderController.cpp(563,50): error C2039: 'Unmanned_Trader_Dev_Account_Start_Serial': is not a member of 'CUnmannedTraderEnvironmentValue' [d:\Private Project\RF Online\WorldServer\WorldServer.vcxproj]
     1>d:\Private Project\RF Online\WorldServer\Entities\CUnmannedTraderController.cpp(563,50): error C2065: 'Unmanned_Trader_Dev_Account_Start_Serial': undeclared identifier [d:\Private Project\RF Online\WorldServer\WorldServer.vcxproj]
     1>d:\Private Project\RF Online\WorldServer\Entities\CUnmannedTraderController.cpp(600,52): error C2039: 'Select_UnmannedTraderBuySingleItemInfo': is not a member of 'CRFWorldDatabase' [d:\Private Project\RF Online\WorldServer\WorldServer.vcxproj]
     1>d:\Private Project\RF Online\WorldServer\Entities\CUnmannedTraderController.cpp(627,35): error C2039: 'Update_UnmannedTraderResutlInfo': is not a member of 'CRFWorldDatabase' [d:\Private Project\RF Online\WorldServer\WorldServer.vcxproj]
     1>d:\Private Project\RF Online\WorldServer\Entities\CUnmannedTraderController.cpp(657,29): error C2039: 'Update_UnmannedTraderResutlInfo': is not a member of 'CRFWorldDatabase' [d:\Private Project\RF Online\WorldServer\WorldServer.vcxproj]
     1>d:\Private Project\RF Online\WorldServer\Entities\CUnmannedTraderController.cpp(674,25): error C2039: 'UpdateClear': is not a member of 'CUnmannedTraderLazyCleaner' [d:\Private Project\RF Online\WorldServer\WorldServer.vcxproj]
     1>d:\Private Project\RF Online\WorldServer\Entities\CUnmannedTraderController.cpp(697,33): error C2039: 'Update_UnmannedTraderResutlInfo': is not a member of 'CRFWorldDatabase' [d:\Private Project\RF Online\WorldServer\WorldServer.vcxproj]
     1>d:\Private Project\RF Online\WorldServer\Entities\CUnmannedTraderController.cpp(711,33): error C2039: 'Update_UnmannedTraderItemState': is not a member of 'CRFWorldDatabase' [d:\Private Project\RF Online\WorldServer\WorldServer.vcxproj]
     1>d:\Private Project\RF Online\WorldServer\Entities\CUnmannedTraderController.cpp(747,33): error C2039: 'Update_UnmannedTraderItemState': is not a member of 'CRFWorldDatabase' [d:\Private Project\RF Online\WorldServer\WorldServer.vcxproj]
     1>d:\Private Project\RF Online\WorldServer\Entities\CUnmannedTraderController.cpp(758,33): error C2039: 'Update_UnmannedTraderResutlInfo': is not a member of 'CRFWorldDatabase' [d:\Private Project\RF Online\WorldServer\WorldServer.vcxproj]
     1>d:\Private Project\RF Online\WorldServer\Entities\CUnmannedTraderController.cpp(807,35): error C2039: 'Update_UnmannedTraderItemState': is not a member of 'CRFWorldDatabase' [d:\Private Project\RF Online\WorldServer\WorldServer.vcxproj]
     1>d:\Private Project\RF Online\WorldServer\Entities\CUnmannedTraderController.cpp(818,38): error C2039: 'Select_UnmannedTraderRegister': is not a member of 'CRFWorldDatabase' [d:\Private Project\RF Online\WorldServer\WorldServer.vcxproj]
     1>d:\Private Project\RF Online\WorldServer\Entities\CUnmannedTraderController.cpp(828,37): error C2039: 'Update_UnmannedTraderReRegist': is not a member of 'CRFWorldDatabase' [d:\Private Project\RF Online\WorldServer\WorldServer.vcxproj]
     1>d:\Private Project\RF Online\WorldServer\Entities\CUnmannedTraderController.cpp(845,36): error C2039: 'Update_UnmannedTraderItemState': is not a member of 'CRFWorldDatabase' [d:\Private Project\RF Online\WorldServer\WorldServer.vcxproj]
     1>d:\Private Project\RF Online\WorldServer\Entities\CUnmannedTraderController.cpp(874,29): error C2039: 'Update_UnmannedTraderCheatUpdateRegistDate': is not a member of 'CRFWorldDatabase' [d:\Private Project\RF Online\WorldServer\WorldServer.vcxproj]
     1>d:\Private Project\RF Online\WorldServer\Entities\CUnmannedTraderController.cpp(908,34): error C2039: 'Update_UnmannedTraderItemState': is not a member of 'CRFWorldDatabase' [d:\Private Project\RF Online\WorldServer\WorldServer.vcxproj]
     1>d:\Private Project\RF Online\WorldServer\Entities\CUnmannedTraderController.cpp(930,16): error C2039: 'Update': is not a member of 'CUnmannedTraderScheduler' [d:\Private Project\RF Online\WorldServer\WorldServer.vcxproj]
     1>d:\Private Project\RF Online\WorldServer\Entities\CUnmannedTraderController.cpp(940,16): error C2039: 'CompleteUpdateState': is not a member of 'CUnmannedTraderUserInfoTable' [d:\Private Project\RF Online\WorldServer\WorldServer.vcxproj]
     1>d:\Private Project\RF Online\WorldServer\Entities\CUnmannedTraderController.cpp(946,19): error C2039: 'IncreaseVersion': is not a member of 'CUnmannedTraderGroupItemInfoTable' [d:\Private Project\RF Online\WorldServer\WorldServer.vcxproj]
     1>d:\Private Project\RF Online\WorldServer\Entities\CUnmannedTraderController.cpp(954,5): error C2664: 'void CUnmannedTraderController::Log(char *,...)': cannot convert argument 1 from 'const char [189]' to 'char *' [d:\Private Project\RF Online\WorldServer\WorldServer.vcxproj]
     1>d:\Private Project\RF Online\WorldServer\Entities\CUnmannedTraderController.cpp(971,10): error C2039: 'CompleteRegist': is not a member of 'CUnmannedTraderUserInfoTable' [d:\Private Project\RF Online\WorldServer\WorldServer.vcxproj]
     1>d:\Private Project\RF Online\WorldServer\Entities\CUnmannedTraderController.cpp(977,10): error C2039: 'CompleteCancelRegist': is not a member of 'CUnmannedTraderUserInfoTable' [d:\Private Project\RF Online\WorldServer\WorldServer.vcxproj]
     1>d:\Private Project\RF Online\WorldServer\Entities\CUnmannedTraderController.cpp(986,5): error C2664: 'void CUnmannedTraderController::Log(char *,...)': cannot convert argument 1 from 'const char [213]' to 'char *' [d:\Private Project\RF Online\WorldServer\WorldServer.vcxproj]
     1>d:\Private Project\RF Online\WorldServer\Entities\CUnmannedTraderController.cpp(1004,12): error C2039: 'CompleteTimeOutClear': is not a member of 'CUnmannedTraderUserInfoTable' [d:\Private Project\RF Online\WorldServer\WorldServer.vcxproj]
     1>d:\Private Project\RF Online\WorldServer\Entities\CUnmannedTraderController.cpp(1006,17): error C2039: 'IncreaseVersion': is not a member of 'CUnmannedTraderGroupItemInfoTable' [d:\Private Project\RF Online\WorldServer\WorldServer.vcxproj]
     1>d:\Private Project\RF Online\WorldServer\Entities\CUnmannedTraderController.cpp(1012,14): error C2039: 'CompleteClear': is not a member of 'CUnmannedTraderScheduler' [d:\Private Project\RF Online\WorldServer\WorldServer.vcxproj]
     1>d:\Private Project\RF Online\WorldServer\Entities\CUnmannedTraderController.cpp(1022,10): error C2039: 'CompleteReprice': is not a member of 'CUnmannedTraderUserInfoTable' [d:\Private Project\RF Online\WorldServer\WorldServer.vcxproj]
     1>d:\Private Project\RF Online\WorldServer\Entities\CUnmannedTraderController.cpp(1067,45): error C2660: 'CPlayerDB::GetRaceSexCode': function does not take 1 arguments [d:\Private Project\RF Online\WorldServer\WorldServer.vcxproj]
     1>d:\Private Project\RF Online\WorldServer\Entities\CUnmannedTraderController.cpp(1068,81): error C2660: 'CPlayerDB::GetDalant': function does not take 1 arguments [d:\Private Project\RF Online\WorldServer\WorldServer.vcxproj]
     1>d:\Private Project\RF Online\WorldServer\Entities\CUnmannedTraderController.cpp(1069,81): error C2660: 'CPlayerDB::GetGuildSerial': function does not take 1 arguments [d:\Private Project\RF Online\WorldServer\WorldServer.vcxproj]
     1>d:\Private Project\RF Online\WorldServer\Entities\CUnmannedTraderController.cpp(1074,34): error C2039: 'GetTax': is not a member of 'CUnmannedTraderTaxRateManager' [d:\Private Project\RF Online\WorldServer\WorldServer.vcxproj]
     1>d:\Private Project\RF Online\WorldServer\Entities\CUnmannedTraderController.cpp(1083,9): error C2664: 'void CUnmannedTraderController::Log(char *,...)': cannot convert argument 1 from 'const char [186]' to 'char *' [d:\Private Project\RF Online\WorldServer\WorldServer.vcxproj]
     1>d:\Private Project\RF Online\WorldServer\Entities\CUnmannedTraderController.cpp(1136,40): error C2660: 'CPlayerDB::GetDalant': function does not take 1 arguments [d:\Private Project\RF Online\WorldServer\WorldServer.vcxproj]
     1>d:\Private Project\RF Online\WorldServer\Entities\CUnmannedTraderController.cpp(1146,12): error C2039: 'ClearRequest': is not a member of 'CUnmannedTraderUserInfoTable' [d:\Private Project\RF Online\WorldServer\WorldServer.vcxproj]
     1>d:\Private Project\RF Online\WorldServer\Entities\CUnmannedTraderController.cpp(1153,10): error C2039: 'CompleteBuy': is not a member of 'CUnmannedTraderUserInfoTable' [d:\Private Project\RF Online\WorldServer\WorldServer.vcxproj]
     1>d:\Private Project\RF Online\WorldServer\Entities\CUnmannedTraderController.cpp(1161,5): error C2664: 'void CUnmannedTraderController::Log(char *,...)': cannot convert argument 1 from 'const char [172]' to 'char *' [d:\Private Project\RF Online\WorldServer\WorldServer.vcxproj]
     1>d:\Private Project\RF Online\WorldServer\Entities\CUnmannedTraderController.cpp(1176,18): error C2039: 'CompleteUpdateClear': is not a member of 'CUnmannedTraderLazyCleaner' [d:\Private Project\RF Online\WorldServer\WorldServer.vcxproj]
     1>d:\Private Project\RF Online\WorldServer\Entities\CUnmannedTraderController.cpp(1183,5): error C2664: 'void CUnmannedTraderController::Log(char *,...)': cannot convert argument 1 from 'const char [127]' to 'char *' [d:\Private Project\RF Online\WorldServer\WorldServer.vcxproj]
     1>d:\Private Project\RF Online\WorldServer\Entities\CUnmannedTraderController.cpp(1194,9): error C2664: 'void CUnmannedTraderController::Log(char *,...)': cannot convert argument 1 from 'const char [86]' to 'char *' [d:\Private Project\RF Online\WorldServer\WorldServer.vcxproj]
     1>d:\Private Project\RF Online\WorldServer\Entities\CUnmannedTraderController.cpp(1210,5): error C2664: 'void CUnmannedTraderController::Log(char *,...)': cannot convert argument 1 from 'const char [116]' to 'char *' [d:\Private Project\RF Online\WorldServer\WorldServer.vcxproj]
     1>d:\Private Project\RF Online\WorldServer\Entities\CUnmannedTraderController.cpp(1220,9): error C2664: 'void CUnmannedTraderController::Log(char *,...)': cannot convert argument 1 from 'const char [85]' to 'char *' [d:\Private Project\RF Online\WorldServer\WorldServer.vcxproj]
     1>d:\Private Project\RF Online\WorldServer\Entities\CUnmannedTraderController.cpp(1235,10): error C2039: 'CompleteReRegist': is not a member of 'CUnmannedTraderUserInfoTable' [d:\Private Project\RF Online\WorldServer\WorldServer.vcxproj]
     1>d:\Private Project\RF Online\WorldServer\Entities\CUnmannedTraderController.cpp(1244,12): error C2039: 'CompleteUpdateCheatRegistTime': is not a member of 'CUnmannedTraderUserInfoTable' [d:\Private Project\RF Online\WorldServer\WorldServer.vcxproj]
     1>d:\Private Project\RF Online\WorldServer\Entities\CUnmannedTraderController.cpp(1246,16): error C2039: 'CheatPushLoad': is not a member of 'CUnmannedTraderScheduler' [d:\Private Project\RF Online\WorldServer\WorldServer.vcxproj]
     1>d:\Private Project\RF Online\WorldServer\Entities\CUnmannedTraderController.cpp(1253,16): error C2660: 'CPlayer::SendData_ChatTrans': function does not take 8 arguments [d:\Private Project\RF Online\WorldServer\WorldServer.vcxproj]
     1>d:\Private Project\RF Online\WorldServer\Entities\CUnmannedTraderController.cpp(1255,16): error C2660: 'CPlayer::SendData_ChatTrans': function does not take 8 arguments [d:\Private Project\RF Online\WorldServer\WorldServer.vcxproj]
     1>d:\Private Project\RF Online\WorldServer\Entities\CUnmannedTraderController.cpp(1265,18): error C2660: 'CPlayer::SendData_ChatTrans': function does not take 8 arguments [d:\Private Project\RF Online\WorldServer\WorldServer.vcxproj]
     1>d:\Private Project\RF Online\WorldServer\Entities\CUnmannedTraderController.cpp(1275,10): error C2039: 'CompleteReRegistRollBack': is not a member of 'CUnmannedTraderUserInfoTable' [d:\Private Project\RF Online\WorldServer\WorldServer.vcxproj]
     1>d:\Private Project\RF Online\WorldServer\Entities\TRC_AutoTrade.cpp(94,25): error C2039: 'insert_atrade_taxrate': is not a member of 'CRFWorldDatabase' [d:\Private Project\RF Online\WorldServer\WorldServer.vcxproj]
     1>d:\Private Project\RF Online\WorldServer\Entities\TRC_AutoTrade.cpp(94,25): error C3861: 'insert_atrade_taxrate': identifier not found [d:\Private Project\RF Online\WorldServer\WorldServer.vcxproj]
